✔ email mode, named time zone and receiving time survive the actual settings route (181.518917ms)
✔ invalid named time zone or wall time is rejected rather than silently defaulted (74.270417ms)
✔ opting out atomically cancels queued email before returning without changing another account (70.710084ms)
AIs request failed unknown
✔ an outbox cancellation failure rolls back the settings change in the same transaction (64.323375ms)
✔ one digest includes all new notices once and persists the provider receipt (65.5575ms)
✔ receiving time is honored and a consumed or empty digest waits until the next local date (68.200333ms)
✔ matched batches have a rolling 24-hour cap that persists across mode and zone changes (82.5635ms)
✔ legacy unconfirmed timing never sends; explicit time confirmation enables the current slot (69.115584ms)
✔ parallel refresh claims one batch and makes only one first provider request (57.095166ms)
✔ retry keeps exact bytes and key, honors backoff, and starts its window at first attempt (64.792042ms)
✔ provider attempts stop at three and an expired ambiguous retry never gets a fresh identity (63.038792ms)
✔ a late failed attempt cannot overwrite a newer accepted receipt after lease replacement (62.343625ms)
✔ receipt storage failure preserves uncertainty and known provider identity instead of a new send (82.856ms)
✔ hide advances the revision so a concurrent settings save cannot erase it (54.2825ms)
✔ ifAbsent returns existing settings without asking for a mutation revision (55.177375ms)
✔ consent withdrawal immediately holds attempted retries and preserves the app notice (62.059875ms)
✔ consent can safely restore never-attempted cancelled candidates while preserving accepted dedup (69.957916ms)
✔ a stale generator cannot enqueue email after consent was withdrawn (57.734667ms)
✔ status and exports expose only owned receipt history, and deletion removes every email table (65.765291ms)
✔ account deletion during an in-flight request cannot recreate private email records (63.627583ms)
✔ a valid late acceptance is retained even when a replacement lease received a failure (58.909333ms)
✔ a stale never-attempted batch replans valid survivors without consuming an empty daily slot (57.743292ms)
✔ a planning transaction failure rolls back the batch, items, and digest consumption (62.742208ms)
✔ known late acceptance survives an acceptance-write failure after lease replacement (62.513208ms)
✔ the actual email migration preserves accepted history and holds legacy uncertain attempts (2.257459ms)
✔ checkedAt and cosmetic offer copy do not create another material version (198.828792ms)
✔ same-day reviewed price correction updates original card; immutable receipt survives (87.552375ms)
✔ queued ended offer never enters provider (72.133792ms)
✔ queued withdrawn offer never enters provider (76.975875ms)
✔ absolute deadline blocks an already queued offer at the exact instant (60.895584ms)
✔ date-only deadline uses explicit conservative bounds without inventing official zone (59.055458ms)
✔ explicit constraint is retained and does not silently qualify {"maxPrice":10,"currency":"USD"} (79.074208ms)
✔ explicit constraint is retained and does not silently qualify {"maxPrice":50000,"currency":"KRW"} (68.49475ms)
✔ explicit constraint is retained and does not silently qualify {"neededFeatures":["offline-document-editing"]} (61.355541ms)
✔ explicit constraint is retained and does not silently qualify {"minBenefitMonths":18} (60.90175ms)
✔ unknown tax fails a price ceiling, known all-period prices and features can qualify (52.377125ms)
✔ eligibility change invalidates prior confirmation but permits a relevant correction (65.215041ms)
✔ legacy eligible string is not stamped by an unrelated save (62.60875ms)
✔ unreviewed same-revision material edits hold dispatch (58.399334ms)
✔ withdrawal remains on original card even with new app alerts disabled (65.350667ms)
✔ legacy accepted date-key baseline is held honestly and later change can correct (68.924083ms)
✔ feature-only change irrelevant to required features updates card without another email (79.634916ms)
✔ revision-only advances preserve read state and never repeat the same offer (57.476334ms)
✔ old read target cannot mark a newer material correction read (66.20575ms)
✔ new announcement from one tool has its own card and shares hide topic (66.51175ms)
✔ cards export/delete stays private and late generation cannot recreate deleted personal rows (67.914125ms)
✔ A to B to A is a new correction for the recipient who was told B (71.068167ms)
✔ removing an interest stops email but keeps an existing correction readable (65.782459ms)
ℹ tests 48
ℹ suites 0
ℹ pass 48
ℹ fail 0
ℹ cancelled 0
ℹ skipped 0
ℹ todo 0
ℹ duration_ms 1850.876791
