✔ email mode, named time zone and receiving time survive the actual settings route (181.842959ms)
✔ invalid named time zone or wall time is rejected rather than silently defaulted (76.72475ms)
✔ opting out atomically cancels queued email before returning without changing another account (74.184792ms)
AIs request failed unknown
✔ an outbox cancellation failure rolls back the settings change in the same transaction (64.565959ms)
✔ one digest includes all new notices once and persists the provider receipt (68.846125ms)
✔ receiving time is honored and a consumed or empty digest waits until the next local date (69.12275ms)
✔ matched batches have a rolling 24-hour cap that persists across mode and zone changes (76.918416ms)
✔ legacy unconfirmed timing never sends; explicit time confirmation enables the current slot (64.220459ms)
✔ parallel refresh claims one batch and makes only one first provider request (55.85325ms)
✔ retry keeps exact bytes and key, honors backoff, and starts its window at first attempt (64.979792ms)
✔ provider attempts stop at three and an expired ambiguous retry never gets a fresh identity (64.105042ms)
✔ a late failed attempt cannot overwrite a newer accepted receipt after lease replacement (67.420166ms)
✔ receipt storage failure preserves uncertainty and known provider identity instead of a new send (69.210375ms)
✔ hide advances the revision so a concurrent settings save cannot erase it (61.663125ms)
✔ ifAbsent returns existing settings without asking for a mutation revision (57.894167ms)
✔ consent withdrawal immediately holds attempted retries and preserves the app notice (59.2185ms)
✔ consent can safely restore never-attempted cancelled candidates while preserving accepted dedup (64.770875ms)
✔ a stale generator cannot enqueue email after consent was withdrawn (53.485333ms)
✔ status and exports expose only owned receipt history, and deletion removes every email table (67.225875ms)
✔ account deletion during an in-flight request cannot recreate private email records (63.390833ms)
✔ a valid late acceptance is retained even when a replacement lease received a failure (71.856083ms)
✔ a stale never-attempted batch replans valid survivors without consuming an empty daily slot (58.529083ms)
✔ a planning transaction failure rolls back the batch, items, and digest consumption (58.019208ms)
✔ known late acceptance survives an acceptance-write failure after lease replacement (61.294875ms)
✔ the actual email migration preserves accepted history and holds legacy uncertain attempts (2.218167ms)
✔ checkedAt and cosmetic offer copy do not create another material version (199.78225ms)
✔ same-day reviewed price correction updates original card; immutable receipt survives (88.772125ms)
✔ queued ended offer never enters provider (73.519375ms)
✔ queued withdrawn offer never enters provider (79.833125ms)
✔ absolute deadline blocks an already queued offer at the exact instant (60.494292ms)
✔ date-only deadline uses explicit conservative bounds without inventing official zone (62.961ms)
✔ explicit constraint is retained and does not silently qualify {"maxPrice":10,"currency":"USD"} (66.649541ms)
✔ explicit constraint is retained and does not silently qualify {"maxPrice":50000,"currency":"KRW"} (66.893084ms)
✔ explicit constraint is retained and does not silently qualify {"neededFeatures":["offline-document-editing"]} (63.852584ms)
✔ explicit constraint is retained and does not silently qualify {"minBenefitMonths":18} (62.082625ms)
✔ unknown tax fails a price ceiling, known all-period prices and features can qualify (52.701625ms)
✔ eligibility change invalidates prior confirmation but permits a relevant correction (66.389ms)
✔ legacy eligible string is not stamped by an unrelated save (60.688167ms)
✔ unreviewed same-revision material edits hold dispatch (59.652166ms)
✔ withdrawal remains on original card even with new app alerts disabled (65.595ms)
✔ legacy accepted date-key baseline is held honestly and later change can correct (66.957625ms)
✔ feature-only change irrelevant to required features updates card without another email (80.084666ms)
✔ revision-only advances preserve read state and never repeat the same offer (60.204208ms)
✔ old read target cannot mark a newer material correction read (67.3045ms)
✔ new announcement from one tool has its own card and shares hide topic (67.247041ms)
✔ cards export/delete stays private and late generation cannot recreate deleted personal rows (66.214292ms)
✔ A to B to A is a new correction for the recipient who was told B (70.112084ms)
✔ removing an interest stops email but keeps an existing correction readable (64.1845ms)
ℹ tests 48
ℹ suites 0
ℹ pass 48
ℹ fail 0
ℹ cancelled 0
ℹ skipped 0
ℹ todo 0
ℹ duration_ms 1840.373625
