✔ API enforces authentication, cross-origin rejection and strips identity input (646.445875ms)
✔ account isolation covers read, update, delete, parent references and export (240.483709ms)
✔ quick-save never overwrites an existing private note or use status (195.757708ms)
✔ bundle edits update shared payment conditions atomically; conflicting new rows rejected (139.517958ms)
✔ cancellation corrections clear end dates and referenced subscriptions remain intact (166.615375ms)
✔ review mutation preserves kind and account ownership; ordinary edit works (140.616625ms)
✔ ratings count the latest review once per account and reject future dates (141.377833ms)
✖ remaining charges generate reminders; generation deduplicates and respects in-app opt-out (136.918041ms)
✔ email address is server-controlled and missing transport is not treated as success (80.399875ms)
✔ account deletion removes private records and ratings while preserving other users replies (92.306542ms)
✔ source changes remain pending review across unchanged responses and 304 checks (110.310166ms)
✔ moderation requires the configured administrator and can hide and restore contributions (125.705042ms)
✔ global search finds public content and excludes hidden posts and private records (113.6035ms)
✔ saved comparison retains private choice and outcome across edit, quick-save and export (97.168625ms)
✔ queued email revalidates current interests and never emails eligibility-unknown promotions (111.124083ms)
✔ incomplete subscription and dated price conditions survive persistence (84.81625ms)
✔ refund requires an owned compatible charge and cannot exceed its remaining balance (88.019875ms)
✔ source review survives failed fetch then 304 and unchanged recovery (77.567292ms)
✔ hiding an owned notice persists topic preferences, excludes old notices and cancels email (99.705334ms)
✔ explicit billing occurrence matching rejects duplicate bundle charges and incompatible currencies (59.508583ms)
✔ billing anchors cannot silently change paid occurrences, and next dates must align (68.901792ms)
✔ legacy bundle migration accepts matching anchors and rejects contradictory personal shares (65.370291ms)
✔ a matched bill is not regenerated as an upcoming payment reminder (65.302667ms)
✔ saving stale settings preserves hidden topics unless the user explicitly restores them (69.914583ms)
✔ dated conditions apply only on or after their effective date, including seats and tax (8.479458ms)
✔ querying before known history does not backfill past prices, while actual payments remain (0.347ms)
✔ future currency conditions preserve old currency bills and current monthly amount (0.191417ms)
✔ a confirmed cycle change replaces the old schedule after the effective date (0.203416ms)
✔ price-only changes neither invent mid-cycle annual bills nor restart remaining N (0.392959ms)
✔ dated pause and resume preserve old invoices and suppress only applicable future bills (0.145458ms)
✔ unknown-date change is retained but never silently applied as confirmed (1.040583ms)
✔ a superseding correction keeps old version audit entries but does not duplicate bills (0.426708ms)
✔ incompatible shared histories are flagged instead of picking one bundle member (0.342583ms)
✔ dated history is deduplicated for consistent bundle members (0.202875ms)
✔ actual personal expenses use their own dates and currencies, not current contract share (0.252208ms)
✔ matched unknown personal actual never reopens a planned personal bill; explicit zero stays known (0.153709ms)
✔ matching snapshot survives corrected conditions and removed historical schedule occurrence (0.395042ms)
✔ aggregate integer overflow is rejected rather than producing a rounded money total (0.447542ms)
✔ resumed billing restores current monthly costs and uncertainty suppresses unverified monthly costs (0.340542ms)
✔ a historical matching snapshot separates current and captured personal shares (4.090875ms)
✔ future incomplete tax and variable pricing are disclosed for the queried period (0.144583ms)
✔ history comparison ignores object key order but rejects known legacy bundle contradictions (0.155125ms)
✔ month-end billing returns to the original day after February (3.87925ms)
✔ monthly equivalent is distinct from bills due in the month (10.13375ms)
✔ mixed currencies are never silently summed and cancelled renewals are excluded (0.306333ms)
✔ same bundle is counted once; cancelled with explicit remaining bills is not erased (0.354333ms)
✔ short duration changes annual discount decision; preserve up-front cost (0.251458ms)
✔ minor-unit conversion respects won and dollar precision (0.260125ms)
✔ unknown-price contracts retain their upcoming dates without a zero price (0.161375ms)
✔ bundle ordering does not lose known amounts and expired contracts stop contributing (0.158958ms)
✔ a three-month future window includes three monthly bills, not the next anniversary (0.179875ms)
✔ unknown residual bills remain uncertain while explicit zero confirms none (0.214667ms)
✔ explicit residual obligations survive service access ending (0.247917ms)
✔ prepayment ceiling separates lower price from feasible recommendation (0.121541ms)
✔ missing payment date retains monthly cost and marks forecast incomplete (0.122042ms)
✔ price transition uses the dated renewal amount, preserving unknown renewal prices (0.227ms)
✔ seat and tax uncertainty are not silently converted to a final total (0.254584ms)
✔ usage budget stays separate from fixed costs and planned bills (0.157584ms)
✔ refund reduces cash flow in its own month; settlement view never doubles fees (0.195333ms)
✔ custom cycles retain original day after a clamped next bill and manual cycles invent no recurrence (0.249667ms)
✔ billing report matches across period boundaries, counts bundles once and never reopens refunded bills (0.664166ms)
✔ billing report separates past unconfirmed occurrences and excludes unknown personal shares (0.205333ms)
✔ transition comparison leaves unknown expenses provisional and subtracts only confirmed refund (0.187667ms)
✔ transition upfront includes confirmed switch expenses before applying a cash ceiling (0.136916ms)
✔ unknown renewal and pause retain separately confirmed residual charges (0.294959ms)
✔ historic actual payment retains its own currency after a legacy contract currency edit (5.134042ms)
✔ long task descriptions find directly evidenced writing, design, planning and automation tools (117.109958ms)
✔ negative category clauses do not boost their excluded categories (20.631917ms)
✔ type exclusions and product exclusions preserve the remaining positive task (14.652167ms)
✔ positive clauses, punctuation and unknown tasks are not mistaken for exclusions or empty browsing (43.680667ms)
✔ hard filters never relax for an empty intersection (2.052375ms)
✔ matched features retain the actual condition and official source instead of a generic free assertion (5.4285ms)
✔ direct image generation evidence outranks category-only design matches (7.610875ms)
✔ names and aliases remain searchable without mutating catalog facts (9.939916ms)
✔ unknown exclusion subjects cannot capture an earlier unrelated task (6.376458ms)
✔ double negation and optional free pricing do not impose opposite restrictions (9.249417ms)
✔ exclusion matching respects whole Korean subjects and common negative forms (12.142458ms)
✔ requirements with no catalog confirmation are exposed alongside relevant candidates (6.844791ms)
✔ task objects take precedence over generic creation and conversation wording (16.680875ms)
✔ coding exclusions use primary purpose without excluding development planning (5.639542ms)
✔ requirements preserve negative and optional scope (0.222417ms)
✔ a requested meeting is not satisfied by unrelated audio input (10.855708ms)
✔ comparison save computes owned snapshot and leaves every financial record byte-identical (570.913917ms)
✔ stale source revision, ABA history id and foreign subscription cannot create a snapshot (330.56675ms)
✔ annotation preserves captured cost; later source edits do not rewrite saved result (177.358583ms)
✔ owner isolation, export, scenario-only deletion and account erasure include snapshots (121.2765ms)
✔ foreign refund links and invalid date ranges fail without storing a comparison (197.492209ms)
✔ a source mutation after calculation but before insert rejects the entire snapshot (102.077958ms)
✔ unauthenticated and cross-origin requests cannot save or delete private scenarios (124.272917ms)
✔ same dates retain pre-switch invoices and distinguish overlap access from charges (511.76775ms)
✔ future matched prepayments suppress only original contract; bundle charged once (255.564583ms)
✔ paid annual access is not charged again for overlap; refund is not invented (197.370958ms)
✔ calendar anchors, inclusive boundaries and temporary renewal price are counted (178.439292ms)
✔ unknown renewal, tax, usage and extra conditions block final winner (682.606958ms)
✔ later refund reduces net total but cannot pay an earlier gross invoice (94.251334ms)
✔ upfront preparation before query start still counts, after-period refund does not (102.297334ms)
✔ unknown fees, refund date or confirmation never default to zero (409.405583ms)
✔ already recorded refunds are common once and foreign payment links rejected (196.323083ms)
✔ mixed currencies are not collapsed into a scalar winner (127.883458ms)
✔ fit, access, discount eligibility and willingness constrain recommendation separately (344.712125ms)
✔ unknown old last bill or pause does not fabricate a free keep plan (139.668916ms)
✔ dated histories preserve residual counts and later changes cannot revive cut-off bills (102.242042ms)
✔ invalid dates, switch before today, mismatched identities and duplicate adjustments fail (289.097084ms)
✔ misaligned first bill cannot make an annual quote disappear (50.24ms)
✔ mandatory preparation excluded from query does not produce a cheaper or recommended claim (50.114375ms)
✔ future-dated actual records require reconciliation before any cash recommendation (55.623917ms)
✔ a manual refund matching a recorded refund must be linked instead of subtracted twice (44.457917ms)
✔ an explicitly ended existing contract cannot satisfy a later full comparison period (46.222542ms)
✔ email mode, named time zone and receiving time survive the actual settings route (572.040834ms)
✔ invalid named time zone or wall time is rejected rather than silently defaulted (252.699125ms)
✔ opting out atomically cancels queued email before returning without changing another account (220.391625ms)
AIs request failed unknown
✔ an outbox cancellation failure rolls back the settings change in the same transaction (159.482667ms)
✔ one digest includes all new notices once and persists the provider receipt (199.87675ms)
✔ receiving time is honored and a consumed or empty digest waits until the next local date (145.815542ms)
✔ matched batches have a rolling 24-hour cap that persists across mode and zone changes (173.85225ms)
✔ legacy unconfirmed timing never sends; explicit time confirmation enables the current slot (120.185208ms)
✔ parallel refresh claims one batch and makes only one first provider request (96.875958ms)
✔ retry keeps exact bytes and key, honors backoff, and starts its window at first attempt (130.29725ms)
✔ provider attempts stop at three and an expired ambiguous retry never gets a fresh identity (107.569125ms)
✔ a late failed attempt cannot overwrite a newer accepted receipt after lease replacement (119.860666ms)
✔ receipt storage failure preserves uncertainty and known provider identity instead of a new send (121.311667ms)
✔ hide advances the revision so a concurrent settings save cannot erase it (122.404458ms)
✔ ifAbsent returns existing settings without asking for a mutation revision (63.165167ms)
✔ consent withdrawal immediately holds attempted retries and preserves the app notice (86.401792ms)
✔ consent can safely restore never-attempted cancelled candidates while preserving accepted dedup (72.173458ms)
✔ a stale generator cannot enqueue email after consent was withdrawn (107.535834ms)
✔ status and exports expose only owned receipt history, and deletion removes every email table (73.7545ms)
✔ account deletion during an in-flight request cannot recreate private email records (65.037375ms)
✔ a valid late acceptance is retained even when a replacement lease received a failure (65.782875ms)
✔ a stale never-attempted batch replans valid survivors without consuming an empty daily slot (65.421084ms)
✔ a planning transaction failure rolls back the batch, items, and digest consumption (58.452958ms)
✔ known late acceptance survives an acceptance-write failure after lease replacement (68.224625ms)
✔ the actual email migration preserves accepted history and holds legacy uncertain attempts (4.34325ms)
✔ the server exposes the actual calendar decision functions (0.749708ms)
✔ named zones and strict wall time validate without host-zone fallback (12.54275ms)
✔ frozen local due: Asia/Seoul 2026-09-12 09:00 (0.95025ms)
✔ frozen local due: Asia/Kathmandu 2026-09-12 09:00 (0.754458ms)
✔ frozen local due: Pacific/Kiritimati 2026-09-12 09:00 (0.545667ms)
✔ frozen local due: Pacific/Pago_Pago 2026-09-12 09:00 (0.452042ms)
✔ frozen local due: America/New_York 2026-03-08 02:30 (0.744375ms)
✔ frozen local due: America/New_York 2026-11-01 01:30 (0.220583ms)
✔ frozen local due: Australia/Lord_Howe 2026-10-04 02:15 (0.580333ms)
✔ frozen local due: Australia/Lord_Howe 2026-04-05 01:45 (0.306125ms)
✔ frozen local due: Pacific/Apia 2011-12-30 09:00 (44.636208ms)
✔ frozen local due: Pacific/Apia 2011-12-31 09:00 (0.134916ms)
✔ local date comes from the explicit named zone and invalid dates fail (0.301959ms)
✔ gap opens at its first valid minute; fold remains open after wall clock rolls back (0.611541ms)
✔ digest guard advances by actual local date across 23-hour and 25-hour days (0.222166ms)
✔ consumed guard survives schedule change to Asia/Seoul 18:00 (0.124583ms)
✔ consumed guard survives schedule change to Asia/Seoul 08:00 (0.105792ms)
✔ consumed guard survives schedule change to Pacific/Pago_Pago 09:00 (0.112792ms)
✔ consumed guard survives schedule change to Pacific/Kiritimati 15:00 (0.10425ms)
✔ unconsumed same-day catch-up is allowed, but missed previous dates are not replayed (0.286958ms)
✔ guest can start information feedback; raw capability and user identity are not returned or stored (629.170584ms)
✔ personal feedback requires authenticated identity (264.494875ms)
✔ reopening and parallel duplicate starts preserve one start, original context and answer (165.294625ms)
✔ answer editing replaces current response instead of adding another respondent (163.837375ms)
✔ guest, two member accounts and two scopes cannot read or edit each other using the same tab token (154.557791ms)
✔ another token cannot answer or delete an existing response (151.313959ms)
✔ guest can delete their current tab response, leaving other sessions intact (141.220958ms)
✔ strict input rejects forged identity, versions, page queries, invalid choices and oversized comments (95.039375ms)
✔ cross-origin and cross-site mutations are rejected before saving (101.961125ms)
✔ admin summary uses separate 30-day start cohorts and excludes undecided/not-tried from evaluable denominator (102.610625ms)
✔ zero evaluable responses produce no fabricated zero-percent score (103.527375ms)
✔ only admins can access aggregate or other users feedback (115.784458ms)
✔ account export includes only owned feedback and no recovery hashes (114.703666ms)
✔ whole-account deletion erases owned feedback and preserves guest and other-account records (114.633958ms)
AIs request failed unknown
✔ new contracts have an observed baseline and private, server-owned history (618.742042ms)
✔ dated currency and cycle changes preserve earlier paid invoice snapshots and edits (233.278ms)
✔ stale bundle changes and cancellation records leave every row byte-identical (185.403542ms)
✔ same-revision requests race to one complete shared result (197.358583ms)
✔ corrections append, unknown-date proposals remain pending, and future changes can be voided (190.748667ms)
✔ term histories are exported and erased with their account; stale edits cannot recreate them (127.313667ms)
✔ actual personal amounts preserve unknown and zero, and refund bounds are enforced (138.58625ms)
✔ correcting an unresolved correction replaces its original confirmed condition (104.394708ms)
✔ a failed database statement rolls back member writes and the shared history (87.978833ms)
✔ deleting the last unreferenced member removes its history and allows a new bundle incarnation (102.17925ms)
✔ legacy initialization cannot resurrect an already-deleted parent or orphan its payment (86.464333ms)
✔ personal refunds use the recorded personal charge currency (99.921209ms)
✔ confirmed cancellation carries through reserved future price changes without reviving billing (144.942167ms)
✔ a cancellation note edit cannot silently move a previously applied confirmation date (86.914041ms)
✔ backdated cancellation cannot overwrite a later already-effective contract decision (86.656208ms)
✔ filling an unknown personal charge cannot conflict with an already recorded refund currency (78.447416ms)
✔ legacy current conditions are recorded with unknown earlier dates before explicit corrections (88.0485ms)
✔ checkedAt and cosmetic offer copy do not create another material version (588.807459ms)
✔ same-day reviewed price correction updates original card; immutable receipt survives (293.44925ms)
✔ queued ended offer never enters provider (244.870375ms)
✔ queued withdrawn offer never enters provider (145.241042ms)
✔ absolute deadline blocks an already queued offer at the exact instant (166.524083ms)
✔ date-only deadline uses explicit conservative bounds without inventing official zone (160.365708ms)
✔ explicit constraint is retained and does not silently qualify {"maxPrice":10,"currency":"USD"} (112.521625ms)
✔ explicit constraint is retained and does not silently qualify {"maxPrice":50000,"currency":"KRW"} (117.469625ms)
✔ explicit constraint is retained and does not silently qualify {"neededFeatures":["offline-document-editing"]} (108.6105ms)
✔ explicit constraint is retained and does not silently qualify {"minBenefitMonths":18} (121.220125ms)
✔ unknown tax fails a price ceiling, known all-period prices and features can qualify (104.737083ms)
✔ eligibility change invalidates prior confirmation but permits a relevant correction (105.795125ms)
✔ legacy eligible string is not stamped by an unrelated save (103.7615ms)
✔ unreviewed same-revision material edits hold dispatch (93.98425ms)
✔ withdrawal remains on original card even with new app alerts disabled (109.958167ms)
✔ legacy accepted date-key baseline is held honestly and later change can correct (92.969542ms)
ℹ tests 200
ℹ suites 0
ℹ pass 199
ℹ fail 1
ℹ cancelled 0
ℹ skipped 0
ℹ todo 0
ℹ duration_ms 4146.445833

✖ failing tests:

test at tests/api.test.mjs:14:1
✖ remaining charges generate reminders; generation deduplicates and respects in-app opt-out (136.918041ms)
  AssertionError [ERR_ASSERTION]: Expected values to be strictly equal:
  
  1 !== 0
  
      at TestContext.<anonymous> (file:///Users/bigmac_moon/dev/ai_score/site/tests/api.test.mjs:14:802)
      at async Test.run (node:internal/test_runner/test:1332:7)
      at async Test.processPendingSubtests (node:internal/test_runner/test:911:7) {
    generatedMessage: true,
    code: 'ERR_ASSERTION',
    actual: 1,
    expected: 0,
    operator: 'strictEqual',
    diff: 'simple'
  }
